// Jest Snapshot v1, https://goo.gl/fbAQLP

exports[`Topics renders correctly should match shapshot 1`] = `
<DocumentFragment>
  <div
    class="MuiGrid-root"
  >
    <div
      class="MuiGrid-root"
    >
      <img
        class="makeStyles-Rectangle-1"
        src="https://cdn.zeplin.io/5f03041d8c8fc11335546618/assets/50247E5B-3788-492D-956F-63172A8FDBF8.png"
      />
    </div>
    <div
      class="MuiGrid-root"
    >
      <h6
        class="MuiTypography-root makeStyles-Subject-2 MuiTypography-h6"
      />
    </div>
  </div>
</DocumentFragment>
`;
