// Jest Snapshot v1, https://goo.gl/fbAQLP

exports[`BookCard Testing Matches Snapshot 1`] = `
<div>
  <div
    class="MuiPaper-root MuiCard-root makeStyles-root-1 MuiPaper-elevation1 MuiPaper-rounded"
  >
    <div
      class="MuiCardContent-root makeStyles-action-14"
    >
      <img
        class="MuiCardMedia-root makeStyles-image-2 MuiCardMedia-media MuiCardMedia-img"
        data-testid="card"
        src="https://cdn.zeplin.io/5f03041d8c8fc11335546618/assets/920F4926-3BD5-47FB-A32A-32C03DE1BB71.png"
      />
      <div
        class="MuiCardContent-root makeStyles-content-15"
      >
        <h4
          class="MuiTypography-root makeStyles-title-3 MuiTypography-h4"
        >
          Nature Chemistry
        </h4>
        <p
          class="MuiTypography-root makeStyles-desc-4 MuiTypography-body2"
        >
          Nature chemistry deals with different biocatalytic approaches to transform phenols by adding different neurons
        </p>
        <div
          class="MuiGrid-root MuiGrid-container"
        >
          <div
            class="MuiGrid-root MuiGrid-item"
          >
            <div
              class="MuiAvatar-root MuiAvatar-circular makeStyles-avatar-5 MuiAvatar-colorDefault"
            >
              <svg
                aria-hidden="true"
                class="MuiSvgIcon-root MuiAvatar-fallback"
                focusable="false"
                viewBox="0 0 24 24"
              >
                <path
                  d="M12 12c2.21 0 4-1.79 4-4s-1.79-4-4-4-4 1.79-4 4 1.79 4 4 4zm0 2c-2.67 0-8 1.34-8 4v2h16v-2c0-2.66-5.33-4-8-4z"
                />
              </svg>
            </div>
          </div>
          <div
            class="MuiGrid-root makeStyles-author1-16 MuiGrid-item"
          >
            <span
              class="MuiTypography-root makeStyles-author-6 MuiTypography-overline"
            >
              Author
            </span>
            <h6
              class="MuiTypography-root makeStyles-authorName-7 MuiTypography-subtitle2"
            >
              J D Lee
            </h6>
          </div>
        </div>
        <div
          class="MuiCardActions-root MuiCardActions-spacing"
        >
          <span
            aria-label="4.5 Stars"
            class="MuiRating-root MuiRating-sizeSmall MuiRating-readOnly"
            role="img"
          >
            <span
              class="MuiRating-decimal"
            >
              <span
                style="width: 0%; overflow: hidden; z-index: 1; position: absolute;"
              >
                <span
                  class="MuiRating-icon MuiRating-iconFilled"
                >
                  <svg
                    aria-hidden="true"
                    class="MuiSvgIcon-root MuiSvgIcon-fontSizeInherit"
                    focusable="false"
                    viewBox="0 0 24 24"
                  >
                    <path
                      d="M12 17.27L18.18 21l-1.64-7.03L22 9.24l-7.19-.61L12 2 9.19 8.63 2 9.24l5.46 4.73L5.82 21z"
                    />
                  </svg>
                </span>
              </span>
              <span>
                <span
                  class="MuiRating-icon MuiRating-iconFilled"
                >
                  <svg
                    aria-hidden="true"
                    class="MuiSvgIcon-root MuiSvgIcon-fontSizeInherit"
                    focusable="false"
                    viewBox="0 0 24 24"
                  >
                    <path
                      d="M12 17.27L18.18 21l-1.64-7.03L22 9.24l-7.19-.61L12 2 9.19 8.63 2 9.24l5.46 4.73L5.82 21z"
                    />
                  </svg>
                </span>
              </span>
            </span>
            <span
              class="MuiRating-decimal"
            >
              <span
                style="width: 0%; overflow: hidden; z-index: 1; position: absolute;"
              >
                <span
                  class="MuiRating-icon MuiRating-iconFilled"
                >
                  <svg
                    aria-hidden="true"
                    class="MuiSvgIcon-root MuiSvgIcon-fontSizeInherit"
                    focusable="false"
                    viewBox="0 0 24 24"
                  >
                    <path
                      d="M12 17.27L18.18 21l-1.64-7.03L22 9.24l-7.19-.61L12 2 9.19 8.63 2 9.24l5.46 4.73L5.82 21z"
                    />
                  </svg>
                </span>
              </span>
              <span>
                <span
                  class="MuiRating-icon MuiRating-iconFilled"
                >
                  <svg
                    aria-hidden="true"
                    class="MuiSvgIcon-root MuiSvgIcon-fontSizeInherit"
                    focusable="false"
                    viewBox="0 0 24 24"
                  >
                    <path
                      d="M12 17.27L18.18 21l-1.64-7.03L22 9.24l-7.19-.61L12 2 9.19 8.63 2 9.24l5.46 4.73L5.82 21z"
                    />
                  </svg>
                </span>
              </span>
            </span>
            <span
              class="MuiRating-decimal"
            >
              <span
                style="width: 0%; overflow: hidden; z-index: 1; position: absolute;"
              >
                <span
                  class="MuiRating-icon MuiRating-iconFilled"
                >
                  <svg
                    aria-hidden="true"
                    class="MuiSvgIcon-root MuiSvgIcon-fontSizeInherit"
                    focusable="false"
                    viewBox="0 0 24 24"
                  >
                    <path
                      d="M12 17.27L18.18 21l-1.64-7.03L22 9.24l-7.19-.61L12 2 9.19 8.63 2 9.24l5.46 4.73L5.82 21z"
                    />
                  </svg>
                </span>
              </span>
              <span>
                <span
                  class="MuiRating-icon MuiRating-iconFilled"
                >
                  <svg
                    aria-hidden="true"
                    class="MuiSvgIcon-root MuiSvgIcon-fontSizeInherit"
                    focusable="false"
                    viewBox="0 0 24 24"
                  >
                    <path
                      d="M12 17.27L18.18 21l-1.64-7.03L22 9.24l-7.19-.61L12 2 9.19 8.63 2 9.24l5.46 4.73L5.82 21z"
                    />
                  </svg>
                </span>
              </span>
            </span>
            <span
              class="MuiRating-decimal"
            >
              <span
                style="width: 0%; overflow: hidden; z-index: 1; position: absolute;"
              >
                <span
                  class="MuiRating-icon MuiRating-iconFilled"
                >
                  <svg
                    aria-hidden="true"
                    class="MuiSvgIcon-root MuiSvgIcon-fontSizeInherit"
                    focusable="false"
                    viewBox="0 0 24 24"
                  >
                    <path
                      d="M12 17.27L18.18 21l-1.64-7.03L22 9.24l-7.19-.61L12 2 9.19 8.63 2 9.24l5.46 4.73L5.82 21z"
                    />
                  </svg>
                </span>
              </span>
              <span>
                <span
                  class="MuiRating-icon MuiRating-iconFilled"
                >
                  <svg
                    aria-hidden="true"
                    class="MuiSvgIcon-root MuiSvgIcon-fontSizeInherit"
                    focusable="false"
                    viewBox="0 0 24 24"
                  >
                    <path
                      d="M12 17.27L18.18 21l-1.64-7.03L22 9.24l-7.19-.61L12 2 9.19 8.63 2 9.24l5.46 4.73L5.82 21z"
                    />
                  </svg>
                </span>
              </span>
            </span>
            <span
              class="MuiRating-decimal"
            >
              <span
                style="width: 50%; overflow: hidden; z-index: 1; position: absolute;"
              >
                <span
                  class="MuiRating-icon MuiRating-iconFilled"
                >
                  <svg
                    aria-hidden="true"
                    class="MuiSvgIcon-root MuiSvgIcon-fontSizeInherit"
                    focusable="false"
                    viewBox="0 0 24 24"
                  >
                    <path
                      d="M12 17.27L18.18 21l-1.64-7.03L22 9.24l-7.19-.61L12 2 9.19 8.63 2 9.24l5.46 4.73L5.82 21z"
                    />
                  </svg>
                </span>
              </span>
              <span>
                <span
                  class="MuiRating-icon MuiRating-iconEmpty"
                >
                  <svg
                    aria-hidden="true"
                    class="MuiSvgIcon-root MuiSvgIcon-fontSizeInherit"
                    focusable="false"
                    viewBox="0 0 24 24"
                  >
                    <path
                      d="M12 17.27L18.18 21l-1.64-7.03L22 9.24l-7.19-.61L12 2 9.19 8.63 2 9.24l5.46 4.73L5.82 21z"
                    />
                  </svg>
                </span>
              </span>
            </span>
          </span>
          <p
            class="MuiTypography-root makeStyles-star-8 MuiTypography-body1"
          >
            4.5
          </p>
          <p
            class="MuiTypography-root makeStyles-rating-9 MuiTypography-body2"
          >
            ( 1,204 ratings )
          </p>
        </div>
        <div
          class="MuiCardActions-root MuiCardActions-spacing"
        >
          <svg
            aria-hidden="true"
            class="MuiSvgIcon-root makeStyles-bookmarkBorder-11"
            data-testid="bookmark"
            focusable="false"
            viewBox="0 0 24 24"
          >
            <path
              d="M17 3H7c-1.1 0-1.99.9-1.99 2L5 21l7-3 7 3V5c0-1.1-.9-2-2-2zm0 15l-5-2.18L7 18V5h10v13z"
            />
          </svg>
          <svg
            aria-hidden="true"
            class="MuiSvgIcon-root makeStyles-reply-12"
            focusable="false"
            viewBox="0 0 24 24"
          >
            <path
              d="M10 9V5l-7 7 7 7v-4.1c5 0 8.5 1.6 11 5.1-1-5-4-10-11-11z"
            />
          </svg>
          <svg
            aria-hidden="true"
            class="MuiSvgIcon-root makeStyles-playlist-13"
            focusable="false"
            viewBox="0 0 24 24"
          >
            <path
              d="M14 10H2v2h12v-2zm0-4H2v2h12V6zM2 16h8v-2H2v2zm19.5-4.5L23 13l-6.99 7-4.51-4.5L13 14l3.01 3 5.49-5.5z"
            />
          </svg>
        </div>
      </div>
    </div>
  </div>
</div>
`;
