// Jest Snapshot v1, https://goo.gl/fbAQLP

exports[`Pagination Testing Matches Snapshot 1`] = `
<div>
  <nav
    aria-label="pagination navigation"
    class="MuiPagination-root makeStyles-root-1"
  >
    <ul
      class="MuiPagination-ul"
    >
      <li>
        <button
          aria-label="Go to previous page"
          class="MuiButtonBase-root MuiPaginationItem-root MuiPaginationItem-page MuiPaginationItem-outlined MuiPaginationItem-rounded MuiPaginationItem-outlinedPrimary Mui-disabled Mui-disabled"
          disabled=""
          tabindex="-1"
          type="button"
        >
          <svg
            aria-hidden="true"
            class="MuiSvgIcon-root MuiPaginationItem-icon"
            focusable="false"
            viewBox="0 0 24 24"
          >
            <path
              d="M15.41 7.41L14 6l-6 6 6 6 1.41-1.41L10.83 12z"
            />
          </svg>
        </button>
      </li>
      <li>
        <button
          aria-label="Go to next page"
          class="MuiButtonBase-root MuiPaginationItem-root MuiPaginationItem-page MuiPaginationItem-outlined MuiPaginationItem-rounded MuiPaginationItem-outlinedPrimary Mui-disabled Mui-disabled"
          disabled=""
          tabindex="-1"
          type="button"
        >
          <svg
            aria-hidden="true"
            class="MuiSvgIcon-root MuiPaginationItem-icon"
            focusable="false"
            viewBox="0 0 24 24"
          >
            <path
              d="M10 6L8.59 7.41 13.17 12l-4.58 4.59L10 18l6-6z"
            />
          </svg>
        </button>
      </li>
    </ul>
  </nav>
</div>
`;
